#-----------------------------------------------------------
# Vivado v2020.2 (64-bit)
# SW Build 3064766 on Wed Nov 18 09:12:45 MST 2020
# IP Build 3064653 on Wed Nov 18 14:17:31 MST 2020
# Start of session at: Wed Feb  8 13:03:28 2023
# Process ID: 17232
# Current directory: C:/Users/Ciro/Desktop/lorenz/lorenz_vivado
# Command line: vivado.exe -gui_launcher_event rodinguilauncherevent19076 C:\Users\Ciro\Desktop\lorenz\lorenz_vivado\lorenz_vivado.xpr
# Log file: C:/Users/Ciro/Desktop/lorenz/lorenz_vivado/vivado.log
# Journal file: C:/Users/Ciro/Desktop/lorenz/lorenz_vivado\vivado.jou
#-----------------------------------------------------------
start_gui
open_project C:/Users/Ciro/Desktop/lorenz/lorenz_vivado/lorenz_vivado.xpr
update_compile_order -fileset sources_1
close_project
open_project C:/Users/Ciro/Desktop/lorenz/lorenz_mult_pipeline_vivado/lorenz_mult_pipeline_vivado.xpr
update_compile_order -fileset sources_1
reset_run synth_1
launch_runs impl_1 -jobs 16
wait_on_run impl_1
launch_simulation
source lorenz.tcl
close_sim
